// Jest Snapshot v1, https://goo.gl/fbAQLP

exports[`Sidebar renders correctly 1`] = `
<div
  className="sidebar"
>
  <div
    className="container sidebar-sticky"
  >
    <div
      className="sidebar-about"
    >
      <h1>
        <a
          href="/"
        >
          <span
            aria-label="emoji"
            role="img"
          >
            👨🏻‍💻
             
          </span>
          <span
            className="tags"
          >
            &lt;/
          </span>
          D.Dauster
          <span
            className="tags"
          >
            &gt;
          </span>
        </a>
      </h1>
      <p
        className="tagline"
      >
        Code Has No Accent
      </p>
    </div>
    <input
      id="menu-icon"
      type="checkbox"
    />
    <label
      className="menu-label"
      htmlFor="menu-icon"
    />
    <div
      className="trigger"
    >
      <ul
        className="sidebar-nav"
      >
        <li>
          <Link
            className="sidebar-nav-item"
            to="/"
          >
            Home
          </Link>
        </li>
        <li>
          <Link
            className="sidebar-nav-item"
            to="about"
          >
            About
          </Link>
        </li>
        <li>
          <Link
            className="sidebar-nav-item"
            to="archive"
          >
            Archive
          </Link>
        </li>
        <li>
          <Link
            className="sidebar-nav-item"
            to="projects"
          >
            Projects
          </Link>
        </li>
      </ul>
    </div>
    <p
      className="copyright"
    >
       
      © 
      2018
      . All rights reserved.
    </p>
  </div>
</div>
`;
